[0m12:18:17.035146 [debug] [MainThread]: Sending event: {'category': 'dbt', 'action': 'invocation', 'label': 'start', 'context': [<snowplow_tracker.self_describing_json.SelfDescribingJson object at 0x75b98a8fc4d0>, <snowplow_tracker.self_describing_json.SelfDescribingJson object at 0x75b98b568470>, <snowplow_tracker.self_describing_json.SelfDescribingJson object at 0x75b98a8fc6e0>]}


============================== 12:18:17.041927 | 2f315bdd-f3a1-410a-9999-862f688f28ad ==============================
[0m12:18:17.041927 [info ] [MainThread]: Running with dbt=1.12.0-rc3
[0m12:18:17.048156 [debug] [MainThread]: running dbt with arguments {'use_colors': 'True', 'indirect_selection': 'eager', 'warn_error_options': 'WarnErrorOptionsV2(error=[], warn=[], silence=[])', 'cache_selected_only': 'False', 'use_experimental_parser': 'False', 'quiet': 'False', 'send_anonymous_usage_stats': 'True', 'invocation_command': 'dbt debug --project-dir day08-dbt', 'introspect': 'True', 'profiles_dir': '/home/labuser/.dbt', 'warn_error': 'None', 'log_format': 'default', 'write_json': 'True', 'version_check': 'True', 'partial_parse': 'True', 'static_parser': 'True', 'empty': 'None', 'no_print': 'None', 'maximum_seed_size_mib': '1', 'target_path': 'None', 'log_path': 'day08-dbt/logs', 'hints_enabled': 'True', 'printer_width': '80', 'log_cache_events': 'False', 'debug': 'False', 'fail_fast': 'False'}
[0m12:18:17.069656 [info ] [MainThread]: dbt version: 1.12.0-rc3
[0m12:18:17.070313 [info ] [MainThread]: python version: 3.12.8
[0m12:18:17.075162 [info ] [MainThread]: python path: /opt/miniconda/bin/python
[0m12:18:17.079359 [info ] [MainThread]: os info: Linux-6.8.0-1007-gcp-x86_64-with-glibc2.39
[0m12:18:17.084116 [info ] [MainThread]: Using profiles dir at /home/labuser/.dbt
[0m12:18:17.088249 [info ] [MainThread]: Using profiles.yml file at /home/labuser/.dbt/profiles.yml
[0m12:18:17.093532 [info ] [MainThread]: Using dbt_project.yml file at day08-dbt/dbt_project.yml
[0m12:18:17.290960 [info ] [MainThread]: Configuration:
[0m12:18:17.291697 [info ] [MainThread]:   profiles.yml file [[31mERROR not found[0m]
[0m12:18:17.317044 [info ] [MainThread]:   dbt_project.yml file [[32mOK found and valid[0m]
[0m12:18:17.320317 [info ] [MainThread]: Required dependencies:
[0m12:18:17.324582 [debug] [MainThread]: Executing "git --help"
[0m12:18:17.334539 [debug] [MainThread]: STDOUT: "b"usage: git [-v | --version] [-h | --help] [-C <path>] [-c <name>=<value>]\n           [--exec-path[=<path>]] [--html-path] [--man-path] [--info-path]\n           [-p | --paginate | -P | --no-pager] [--no-replace-objects] [--bare]\n           [--git-dir=<path>] [--work-tree=<path>] [--namespace=<name>]\n           [--config-env=<name>=<envvar>] <command> [<args>]\n\nThese are common Git commands used in various situations:\n\nstart a working area (see also: git help tutorial)\n   clone     Clone a repository into a new directory\n   init      Create an empty Git repository or reinitialize an existing one\n\nwork on the current change (see also: git help everyday)\n   add       Add file contents to the index\n   mv        Move or rename a file, a directory, or a symlink\n   restore   Restore working tree files\n   rm        Remove files from the working tree and from the index\n\nexamine the history and state (see also: git help revisions)\n   bisect    Use binary search to find the commit that introduced a bug\n   diff      Show changes between commits, commit and working tree, etc\n   grep      Print lines matching a pattern\n   log       Show commit logs\n   show      Show various types of objects\n   status    Show the working tree status\n\ngrow, mark and tweak your common history\n   branch    List, create, or delete branches\n   commit    Record changes to the repository\n   merge     Join two or more development histories together\n   rebase    Reapply commits on top of another base tip\n   reset     Reset current HEAD to the specified state\n   switch    Switch branches\n   tag       Create, list, delete or verify a tag object signed with GPG\n\ncollaborate (see also: git help workflows)\n   fetch     Download objects and refs from another repository\n   pull      Fetch from and integrate with another repository or a local branch\n   push      Update remote refs along with associated objects\n\n'git help -a' and 'git help -g' list available subcommands and some\nconcept guides. See 'git help <command>' or 'git help <concept>'\nto read about a specific subcommand or concept.\nSee 'git help git' for an overview of the system.\n""
[0m12:18:17.335711 [debug] [MainThread]: STDERR: "b''"
[0m12:18:17.340210 [info ] [MainThread]:  - git [[32mOK found[0m]

[0m12:18:17.343949 [info ] [MainThread]: Connection test skipped since no profile was found
[0m12:18:17.347192 [info ] [MainThread]: [31m1 check failed:[0m
[0m12:18:17.350422 [info ] [MainThread]: dbt looked for a profiles.yml file in /home/labuser/.dbt/profiles.yml, but did
not find one. For more information on configuring your profile, consult the
documentation:

https://docs.getdbt.com/docs/configure-your-profile


[0m12:18:17.354675 [debug] [MainThread]: Resource report: {"command_name": "debug", "command_success": false, "command_wall_clock_time": 0.4818716, "process_in_blocks": "34224", "process_kernel_time": 0.421102, "process_mem_max_rss": "114620", "process_out_blocks": "176", "process_user_time": 3.513431}
[0m12:18:17.357425 [debug] [MainThread]: Command `dbt debug` failed at 12:18:17.357076 after 0.48 seconds
[0m12:18:17.360317 [debug] [MainThread]: Sending event: {'category': 'dbt', 'action': 'invocation', 'label': 'end', 'context': [<snowplow_tracker.self_describing_json.SelfDescribingJson object at 0x75b98d38be90>, <snowplow_tracker.self_describing_json.SelfDescribingJson object at 0x75b98b5da2d0>, <snowplow_tracker.self_describing_json.SelfDescribingJson object at 0x75b98cecbbc0>]}
[0m12:18:17.364628 [debug] [MainThread]: Flushing usage events
[0m12:18:18.255527 [debug] [MainThread]: An error was encountered while trying to flush usage events
